2023-08-24 12:50:51,039 - INFO - Bot started successfully
2023-08-24 12:51:19,322 - INFO - BRDUSDT will be awailable at 2023-08-25 13:00:00 UTC, 1 day, 0:08:40.677671 from now
2023-08-24 12:51:33,830 - INFO - TINUSDT will be awailable at 2023-08-24 14:00:00 UTC, 1:08:26.169390 from now
2023-08-24 12:51:48,446 - INFO - SUPUSDT will be awailable at 2023-08-25 08:00:00 UTC, 19:08:11.554055 from now
2023-08-24 12:52:07,622 - INFO - AISWAPUSDT will be awailable at 2023-08-25 09:00:00 UTC, 20:07:52.377574 from now
2023-08-24 12:52:25,641 - INFO - DOGECOINUSDT will be awailable at 2023-08-25 15:00:00 UTC, 1 day, 2:07:34.358303 from now
2023-08-24 12:52:42,035 - INFO - SDPUSDT will be awailable at 2023-08-25 14:00:00 UTC, 1 day, 1:07:17.964257 from now
2023-08-24 12:52:58,105 - INFO - LYFUSDT will be awailable at 2023-08-25 10:00:00 UTC, 21:07:01.894994 from now
2023-08-24 12:53:17,753 - INFO - AIMXUSDT will be awailable at 2023-08-24 15:00:00 UTC, 2:06:42.247146 from now
2023-08-24 12:53:18,237 - INFO - Heartbeat
2023-08-24 12:54:20,088 - INFO - Heartbeat
2023-08-24 12:55:25,699 - INFO - Heartbeat
2023-08-24 12:56:28,005 - INFO - Heartbeat
2023-08-24 12:57:30,155 - INFO - Heartbeat
2023-08-24 12:58:31,334 - INFO - Heartbeat
2023-08-24 12:59:33,185 - INFO - Heartbeat
2023-08-24 13:00:35,061 - INFO - Heartbeat
2023-08-24 13:01:36,666 - INFO - Heartbeat
2023-08-24 13:02:38,054 - INFO - Heartbeat
2023-08-24 13:03:40,426 - INFO - Heartbeat
2023-08-24 13:04:42,959 - INFO - Heartbeat
2023-08-24 13:05:46,364 - INFO - Heartbeat
2023-08-24 13:06:48,399 - INFO - Heartbeat
