2023-08-03 10:42:46,253 - freqtrade.loggers - INFO - Verbosity set to 0
2023-08-03 10:42:46,254 - freqtrade.configuration.configuration - INFO - Runmode set to dry_run.
2023-08-03 10:42:46,254 - freqtrade.configuration.configuration - INFO - Parameter --db-url detected ...
2023-08-03 10:42:46,255 - freqtrade.configuration.configuration - WARNING - `force_entry_enable` RPC message enabled.
2023-08-03 10:42:46,255 - freqtrade.configuration.configuration - INFO - Dry run is enabled
2023-08-03 10:42:46,255 - freqtrade.configuration.configuration - INFO - Using DB: "sqlite:////freqtrade/user_data/tradesv3_mexc.sqlite"
2023-08-03 10:42:46,255 - freqtrade.configuration.configuration - INFO - Using max_open_trades: 5 ...
2023-08-03 10:42:46,468 - freqtrade.configuration.configuration - INFO - Using user-data directory: /freqtrade/user_data ...
2023-08-03 10:42:46,471 - freqtrade.configuration.directory_operations - INFO - Created data directory: None
2023-08-03 10:42:46,471 - freqtrade.configuration.configuration - INFO - Using data directory: /freqtrade/user_data/data/binance ...
2023-08-03 10:42:46,472 - freqtrade.configuration.configuration - INFO - Using freqaimodel class name: LightGBMRegressor
2023-08-03 10:42:46,475 - freqtrade.exchange.check_exchange - INFO - Checking exchange...
2023-08-03 10:42:46,488 - freqtrade.exchange.check_exchange - INFO - Exchange "binance" is officially supported by the Freqtrade development team.
2023-08-03 10:42:46,489 - freqtrade.configuration.configuration - INFO - Using pairlist from configuration.
2023-08-03 10:42:46,571 - freqtrade.resolvers.iresolver - INFO - Using resolved strategy FreqaiExampleStrategy from '/freqtrade/user_data/strategies/FreqaiExampleStrategy.py'...
2023-08-03 10:42:46,572 - freqtrade.strategy.hyper - INFO - Found no parameter file.
2023-08-03 10:42:46,572 - freqtrade.resolvers.strategy_resolver - INFO - Override strategy 'timeframe' with value in config file: 3m.
2023-08-03 10:42:46,573 - freqtrade.resolvers.strategy_resolver - INFO - Override strategy 'stake_currency' with value in config file: USDT.
2023-08-03 10:42:46,573 - freqtrade.resolvers.strategy_resolver - INFO - Override strategy 'stake_amount' with value in config file: 200.
2023-08-03 10:42:46,573 - freqtrade.resolvers.strategy_resolver - INFO - Override strategy 'unfilledtimeout' with value in config file: {'entry': 10, 'exit': 30}.
2023-08-03 10:42:46,573 - freqtrade.resolvers.strategy_resolver - INFO - Override strategy 'max_open_trades' with value in config file: 5.
2023-08-03 10:42:46,578 - freqtrade.resolvers.strategy_resolver - INFO - Strategy using minimal_roi: {'0': 0.1, '240': -1}
2023-08-03 10:42:46,578 - freqtrade.resolvers.strategy_resolver - INFO - Strategy using timeframe: 3m
2023-08-03 10:42:46,578 - freqtrade.resolvers.strategy_resolver - INFO - Strategy using stoploss: -0.05
2023-08-03 10:42:46,578 - freqtrade.resolvers.strategy_resolver - INFO - Strategy using trailing_stop: False
2023-08-03 10:42:46,579 - freqtrade.resolvers.strategy_resolver - INFO - Strategy using trailing_stop_positive_offset: 0.0
2023-08-03 10:42:46,579 - freqtrade.resolvers.strategy_resolver - INFO - Strategy using trailing_only_offset_is_reached: False
2023-08-03 10:42:46,579 - freqtrade.resolvers.strategy_resolver - INFO - Strategy using use_custom_stoploss: False
2023-08-03 10:42:46,579 - freqtrade.resolvers.strategy_resolver - INFO - Strategy using process_only_new_candles: True
2023-08-03 10:42:46,580 - freqtrade.resolvers.strategy_resolver - INFO - Strategy using order_types: {'entry': 'limit', 'exit': 'limit', 'stoploss': 'limit', 'stoploss_on_exchange': False, 'stoploss_on_exchange_interval': 60}
2023-08-03 10:42:46,580 - freqtrade.resolvers.strategy_resolver - INFO - Strategy using order_time_in_force: {'entry': 'GTC', 'exit': 'GTC'}
2023-08-03 10:42:46,580 - freqtrade.resolvers.strategy_resolver - INFO - Strategy using stake_currency: USDT
2023-08-03 10:42:46,581 - freqtrade.resolvers.strategy_resolver - INFO - Strategy using stake_amount: 200
2023-08-03 10:42:46,581 - freqtrade.resolvers.strategy_resolver - INFO - Strategy using protections: []
2023-08-03 10:42:46,582 - freqtrade.resolvers.strategy_resolver - INFO - Strategy using startup_candle_count: 40
2023-08-03 10:42:46,582 - freqtrade.resolvers.strategy_resolver - INFO - Strategy using unfilledtimeout: {'entry': 10, 'exit': 30}
2023-08-03 10:42:46,583 - freqtrade.resolvers.strategy_resolver - INFO - Strategy using use_exit_signal: True
2023-08-03 10:42:46,583 - freqtrade.resolvers.strategy_resolver - INFO - Strategy using exit_profit_only: False
2023-08-03 10:42:46,583 - freqtrade.resolvers.strategy_resolver - INFO - Strategy using ignore_roi_if_entry_signal: False
2023-08-03 10:42:46,583 - freqtrade.resolvers.strategy_resolver - INFO - Strategy using exit_profit_offset: 0.0
2023-08-03 10:42:46,583 - freqtrade.resolvers.strategy_resolver - INFO - Strategy using disable_dataframe_checks: False
2023-08-03 10:42:46,584 - freqtrade.resolvers.strategy_resolver - INFO - Strategy using ignore_buying_expired_candle_after: 0
2023-08-03 10:42:46,584 - freqtrade.resolvers.strategy_resolver - INFO - Strategy using position_adjustment_enable: False
2023-08-03 10:42:46,584 - freqtrade.resolvers.strategy_resolver - INFO - Strategy using max_entry_position_adjustment: -1
2023-08-03 10:42:46,584 - freqtrade.resolvers.strategy_resolver - INFO - Strategy using max_open_trades: 5
2023-08-03 10:42:46,585 - freqtrade.configuration.config_validation - INFO - Validating configuration ...
2023-08-03 10:42:46,593 - freqtrade.exchange.exchange - INFO - Instance is running with dry_run enabled
2023-08-03 10:42:46,593 - freqtrade.exchange.exchange - INFO - Using CCXT 4.0.48
2023-08-03 10:42:46,594 - freqtrade.exchange.exchange - INFO - Applying additional ccxt config: {'options': {'defaultType': 'swap'}}
2023-08-03 10:42:46,614 - freqtrade.exchange.exchange - INFO - Applying additional ccxt config: {'options': {'defaultType': 'swap'}}
2023-08-03 10:42:46,633 - freqtrade.exchange.exchange - INFO - Using Exchange "Binance"
2023-08-03 10:42:52,872 - freqtrade.resolvers.exchange_resolver - INFO - Using resolved exchange 'Binance'...
2023-08-03 10:42:53,301 - freqtrade.wallets - INFO - Wallets synced.
2023-08-03 10:42:53,313 - freqtrade.resolvers.iresolver - INFO - Using resolved pairlist StaticPairList from '/freqtrade/freqtrade/plugins/pairlist/StaticPairList.py'...
2023-08-03 10:42:53,538 - freqtrade.resolvers.iresolver - INFO - Using resolved pairlist StaticPairList from '/freqtrade/freqtrade/plugins/pairlist/StaticPairList.py'...
2023-08-03 10:42:53,550 - freqtrade.plugins.pairlistmanager - INFO - Whitelist with 2 pairs: ['1INCH/USDT:USDT', 'ALGO/USDT:USDT']
2023-08-03 10:42:53,844 - freqtrade.resolvers.iresolver - WARNING - Could not import /freqtrade/freqtrade/freqai/prediction_models/PyTorchMLPClassifier.py due to 'No module named 'torch''
2023-08-03 10:42:54,376 - freqtrade.resolvers.iresolver - WARNING - Could not import /freqtrade/freqtrade/freqai/prediction_models/PyTorchTransformerRegressor.py due to 'No module named 'torch''
2023-08-03 10:42:54,378 - freqtrade.resolvers.iresolver - WARNING - Could not import /freqtrade/freqtrade/freqai/prediction_models/ReinforcementLearner.py due to 'No module named 'torch''
2023-08-03 10:42:54,928 - freqtrade.resolvers.iresolver - INFO - Using resolved freqaimodel LightGBMRegressor from '/freqtrade/freqtrade/freqai/prediction_models/LightGBMRegressor.py'...
2023-08-03 10:42:54,929 - freqtrade.freqai.freqai_interface - INFO - Backtesting module configured to save all models.
2023-08-03 10:42:54,930 - freqtrade.freqai.data_drawer - INFO - Could not find existing datadrawer, starting from scratch
2023-08-03 10:42:54,931 - freqtrade.freqai.data_drawer - INFO - Could not find existing historic_predictions, starting from scratch
2023-08-03 10:42:54,931 - freqtrade.freqai.freqai_interface - INFO - Set fresh train queue from whitelist. Queue: ['1INCH/USDT:USDT', 'ALGO/USDT:USDT']
2023-08-03 10:42:54,933 - freqtrade.strategy.interface - INFO - Downloading all training data for all pairs in whitelist and corr_pairlist, this may take a while if the data is not already on disk.
2023-08-03 10:42:54,946 - freqtrade.freqai.utils - INFO - FreqAI auto-downloader using 60 startup candles.
2023-08-03 10:42:54,965 - freqtrade.data.history.history_utils - INFO - (1/4) - Download history data for "1INCH/USDT:USDT", 3m, futures and store in /freqtrade/user_data/data/binance. From 2023-07-16T22:42:54 to 2023-08-03T10:42:54
2023-08-03 10:42:58,550 - freqtrade.exchange.exchange - INFO - Downloaded data for 1INCH/USDT:USDT with length 8400.
2023-08-03 10:42:58,824 - freqtrade.data.history.history_utils - INFO - (1/4) - Download history data for "1INCH/USDT:USDT", 15m, futures and store in /freqtrade/user_data/data/binance. From 2023-07-16T22:42:54 to 2023-08-03T10:42:54
2023-08-03 10:43:00,189 - freqtrade.exchange.exchange - INFO - Downloaded data for 1INCH/USDT:USDT with length 1680.
2023-08-03 10:43:00,247 - freqtrade.data.history.history_utils - INFO - (1/4) - Download history data for "1INCH/USDT:USDT", 1h, futures and store in /freqtrade/user_data/data/binance. From 2023-07-16T22:42:54 to 2023-08-03T10:42:54
2023-08-03 10:43:01,367 - freqtrade.exchange.exchange - INFO - Downloaded data for 1INCH/USDT:USDT with length 420.
2023-08-03 10:43:01,401 - freqtrade.data.history.history_utils - INFO - (1/4) - Download history data for "1INCH/USDT:USDT", 8h, funding_rate and store in /freqtrade/user_data/data/binance. From 2023-07-16T22:42:54 to 2023-08-03T10:42:54
2023-08-03 10:43:02,332 - freqtrade.exchange.exchange - INFO - Downloaded data for 1INCH/USDT:USDT with length 53.
2023-08-03 10:43:02,388 - freqtrade.data.history.history_utils - INFO - (1/4) - Download history data for "1INCH/USDT:USDT", 8h, mark and store in /freqtrade/user_data/data/binance. From 2023-07-16T22:42:54 to 2023-08-03T10:42:54
2023-08-03 10:43:03,270 - freqtrade.exchange.exchange - INFO - Downloaded data for 1INCH/USDT:USDT with length 53.
2023-08-03 10:43:03,299 - freqtrade.data.history.history_utils - INFO - (2/4) - Download history data for "ALGO/USDT:USDT", 3m, futures and store in /freqtrade/user_data/data/binance. From 2023-07-16T22:42:54 to 2023-08-03T10:42:54
2023-08-03 10:43:06,424 - freqtrade.exchange.exchange - INFO - Downloaded data for ALGO/USDT:USDT with length 8400.
2023-08-03 10:43:06,542 - freqtrade.data.history.history_utils - INFO - (2/4) - Download history data for "ALGO/USDT:USDT", 15m, futures and store in /freqtrade/user_data/data/binance. From 2023-07-16T22:42:54 to 2023-08-03T10:42:54
2023-08-03 10:43:07,924 - freqtrade.exchange.exchange - INFO - Downloaded data for ALGO/USDT:USDT with length 1680.
2023-08-03 10:43:07,990 - freqtrade.data.history.history_utils - INFO - (2/4) - Download history data for "ALGO/USDT:USDT", 1h, futures and store in /freqtrade/user_data/data/binance. From 2023-07-16T22:42:54 to 2023-08-03T10:42:54
2023-08-03 10:43:09,108 - freqtrade.exchange.exchange - INFO - Downloaded data for ALGO/USDT:USDT with length 420.
2023-08-03 10:43:09,139 - freqtrade.data.history.history_utils - INFO - (2/4) - Download history data for "ALGO/USDT:USDT", 8h, funding_rate and store in /freqtrade/user_data/data/binance. From 2023-07-16T22:42:54 to 2023-08-03T10:42:54
2023-08-03 10:43:10,041 - freqtrade.exchange.exchange - INFO - Downloaded data for ALGO/USDT:USDT with length 53.
2023-08-03 10:43:10,063 - freqtrade.data.history.history_utils - INFO - (2/4) - Download history data for "ALGO/USDT:USDT", 8h, mark and store in /freqtrade/user_data/data/binance. From 2023-07-16T22:42:54 to 2023-08-03T10:42:54
2023-08-03 10:43:10,961 - freqtrade.exchange.exchange - INFO - Downloaded data for ALGO/USDT:USDT with length 53.
2023-08-03 10:43:10,985 - freqtrade.data.history.history_utils - INFO - (3/4) - Download history data for "BTC/USDT:USDT", 3m, futures and store in /freqtrade/user_data/data/binance. From 2023-07-16T22:42:54 to 2023-08-03T10:42:54
2023-08-03 10:43:14,109 - freqtrade.exchange.exchange - INFO - Downloaded data for BTC/USDT:USDT with length 8400.
2023-08-03 10:43:14,206 - freqtrade.data.history.history_utils - INFO - (3/4) - Download history data for "BTC/USDT:USDT", 15m, futures and store in /freqtrade/user_data/data/binance. From 2023-07-16T22:42:54 to 2023-08-03T10:42:54
2023-08-03 10:43:15,570 - freqtrade.exchange.exchange - INFO - Downloaded data for BTC/USDT:USDT with length 1680.
2023-08-03 10:43:15,600 - freqtrade.data.history.history_utils - INFO - (3/4) - Download history data for "BTC/USDT:USDT", 1h, futures and store in /freqtrade/user_data/data/binance. From 2023-07-16T22:42:54 to 2023-08-03T10:42:54
2023-08-03 10:43:16,742 - freqtrade.exchange.exchange - INFO - Downloaded data for BTC/USDT:USDT with length 420.
2023-08-03 10:43:16,785 - freqtrade.data.history.history_utils - INFO - (3/4) - Download history data for "BTC/USDT:USDT", 8h, funding_rate and store in /freqtrade/user_data/data/binance. From 2023-07-16T22:42:54 to 2023-08-03T10:42:54
2023-08-03 10:43:17,706 - freqtrade.exchange.exchange - INFO - Downloaded data for BTC/USDT:USDT with length 53.
2023-08-03 10:43:17,721 - freqtrade.data.history.history_utils - INFO - (3/4) - Download history data for "BTC/USDT:USDT", 8h, mark and store in /freqtrade/user_data/data/binance. From 2023-07-16T22:42:54 to 2023-08-03T10:42:54
2023-08-03 10:43:18,605 - freqtrade.exchange.exchange - INFO - Downloaded data for BTC/USDT:USDT with length 53.
2023-08-03 10:43:18,668 - freqtrade.data.history.history_utils - INFO - (4/4) - Download history data for "ETH/USDT:USDT", 3m, futures and store in /freqtrade/user_data/data/binance. From 2023-07-16T22:42:54 to 2023-08-03T10:42:54
2023-08-03 10:43:21,813 - freqtrade.exchange.exchange - INFO - Downloaded data for ETH/USDT:USDT with length 8400.
2023-08-03 10:43:21,876 - freqtrade.data.history.history_utils - INFO - (4/4) - Download history data for "ETH/USDT:USDT", 15m, futures and store in /freqtrade/user_data/data/binance. From 2023-07-16T22:42:54 to 2023-08-03T10:42:54
2023-08-03 10:43:23,249 - freqtrade.exchange.exchange - INFO - Downloaded data for ETH/USDT:USDT with length 1680.
2023-08-03 10:43:23,285 - freqtrade.data.history.history_utils - INFO - (4/4) - Download history data for "ETH/USDT:USDT", 1h, futures and store in /freqtrade/user_data/data/binance. From 2023-07-16T22:42:54 to 2023-08-03T10:42:54
2023-08-03 10:43:24,408 - freqtrade.exchange.exchange - INFO - Downloaded data for ETH/USDT:USDT with length 420.
2023-08-03 10:43:24,454 - freqtrade.data.history.history_utils - INFO - (4/4) - Download history data for "ETH/USDT:USDT", 8h, funding_rate and store in /freqtrade/user_data/data/binance. From 2023-07-16T22:42:54 to 2023-08-03T10:42:54
2023-08-03 10:43:25,373 - freqtrade.exchange.exchange - INFO - Downloaded data for ETH/USDT:USDT with length 53.
2023-08-03 10:43:25,406 - freqtrade.data.history.history_utils - INFO - (4/4) - Download history data for "ETH/USDT:USDT", 8h, mark and store in /freqtrade/user_data/data/binance. From 2023-07-16T22:42:54 to 2023-08-03T10:42:54
2023-08-03 10:43:26,293 - freqtrade.exchange.exchange - INFO - Downloaded data for ETH/USDT:USDT with length 53.
2023-08-03 10:43:26,315 - freqtrade.strategy.hyper - INFO - No params for buy found, using default values.
2023-08-03 10:43:26,317 - freqtrade.strategy.hyper - INFO - Strategy Parameter(default): std_dev_multiplier_buy = 1.25
2023-08-03 10:43:26,317 - freqtrade.strategy.hyper - INFO - No params for sell found, using default values.
2023-08-03 10:43:26,318 - freqtrade.strategy.hyper - INFO - Strategy Parameter(default): std_dev_multiplier_sell = 1.25
2023-08-03 10:43:26,318 - freqtrade.strategy.hyper - INFO - No params for protection found, using default values.
2023-08-03 10:43:26,319 - freqtrade.plugins.protectionmanager - INFO - No protection Handlers defined.
2023-08-03 10:43:26,322 - freqtrade.rpc.rpc_manager - INFO - Sending rpc message: {'type': status, 'status': 'running'}
2023-08-03 10:43:26,335 - freqtrade.worker - INFO - Changing state to: RUNNING
2023-08-03 10:43:26,336 - freqtrade.util.binance_mig - WARNING - Migrating binance futures pairs in database.
2023-08-03 10:43:26,366 - freqtrade.util.binance_mig - WARNING - Done migrating binance futures pairs in database.
2023-08-03 10:43:26,434 - freqtrade.rpc.rpc_manager - INFO - Sending rpc message: {'type': warning, 'status': 'Dry run is enabled. All trades are simulated.'}
2023-08-03 10:43:26,435 - freqtrade.rpc.rpc_manager - INFO - Sending rpc message: {'type': startup, 'status': "*Exchange:* `binance`\n*Stake per trade:* `200 USDT`\n*Minimum ROI:* `{'0': 0.1, '240': -1}`\n*Stoploss:* `-0.05`\n*Position adjustment:* `Off`\n*Timeframe:* `3m`\n*Strategy:* `FreqaiExampleStrategy`"}
2023-08-03 10:43:26,438 - freqtrade.rpc.rpc_manager - INFO - Sending rpc message: {'type': startup, 'status': "Searching for USDT pairs to buy and sell based on [{'StaticPairList': 'StaticPairList'}]"}
2023-08-03 10:43:31,666 - freqtrade.freqai.freqai_interface - WARNING - No model ready for 1INCH/USDT:USDT, returning null values to strategy.
2023-08-03 10:43:33,391 - freqtrade.freqai.freqai_interface - WARNING - No model ready for ALGO/USDT:USDT, returning null values to strategy.
2023-08-03 10:43:33,497 - freqtrade.worker - INFO - Bot heartbeat. PID=1, version='docker-2023.8.dev-3d3dcc68', state='RUNNING'
2023-08-03 10:43:35,781 - freqtrade.freqai.base_models.BaseRegressionModel - INFO - -------------------- Starting training 1INCH/USDT:USDT --------------------
2023-08-03 10:43:35,897 - freqtrade.freqai.data_kitchen - INFO - 1INCH/USDT:USDT: dropped 20 training points due to NaNs in populated dataset 7199.
2023-08-03 10:43:35,897 - freqtrade.freqai.base_models.BaseRegressionModel - INFO - -------------------- Training on data from 2023-07-19 to 2023-08-03 --------------------
2023-08-03 10:43:36,215 - datasieve.pipeline - INFO - SVM detected 162 data points as outliers.
2023-08-03 10:43:41,523 - datasieve.pipeline - INFO - SVM detected 191 data points as outliers.
2023-08-03 10:43:42,125 - datasieve.pipeline - INFO - DI tossed 30 predictions for being too far from training data.
2023-08-03 10:43:42,130 - freqtrade.freqai.base_models.BaseRegressionModel - INFO - Training model on 569 features
2023-08-03 10:43:42,130 - freqtrade.freqai.base_models.BaseRegressionModel - INFO - Training model on 4647 data points
2023-08-03 10:43:50,975 - freqtrade.freqai.base_models.BaseRegressionModel - INFO - -------------------- Done training 1INCH/USDT:USDT (15.19 secs) --------------------
2023-08-03 10:43:53,829 - freqtrade.freqai.base_models.BaseRegressionModel - INFO - -------------------- Starting training ALGO/USDT:USDT --------------------
2023-08-03 10:43:53,931 - freqtrade.freqai.data_kitchen - INFO - ALGO/USDT:USDT: dropped 20 training points due to NaNs in populated dataset 7199.
2023-08-03 10:43:53,932 - freqtrade.freqai.base_models.BaseRegressionModel - INFO - -------------------- Training on data from 2023-07-19 to 2023-08-03 --------------------
2023-08-03 10:43:54,085 - datasieve.pipeline - INFO - SVM detected 70 data points as outliers.
2023-08-03 10:44:00,434 - datasieve.pipeline - INFO - SVM detected 73 data points as outliers.
2023-08-03 10:44:01,031 - datasieve.pipeline - INFO - DI tossed 36 predictions for being too far from training data.
2023-08-03 10:44:01,033 - freqtrade.freqai.base_models.BaseRegressionModel - INFO - Training model on 569 features
2023-08-03 10:44:01,034 - freqtrade.freqai.base_models.BaseRegressionModel - INFO - Training model on 4739 data points
2023-08-03 10:44:12,976 - freqtrade.freqai.base_models.BaseRegressionModel - INFO - -------------------- Done training ALGO/USDT:USDT (19.14 secs) --------------------
2023-08-03 10:44:13,229 - freqtrade.freqai.freqai_interface - INFO - Total time spent training pairlist 40.40 seconds
2023-08-03 10:44:16,069 - freqtrade.freqai.base_models.BaseRegressionModel - INFO - -------------------- Starting training 1INCH/USDT:USDT --------------------
2023-08-03 10:44:16,166 - freqtrade.freqai.data_kitchen - INFO - 1INCH/USDT:USDT: dropped 20 training points due to NaNs in populated dataset 7199.
2023-08-03 10:44:16,170 - freqtrade.freqai.base_models.BaseRegressionModel - INFO - -------------------- Training on data from 2023-07-19 to 2023-08-03 --------------------
2023-08-03 10:44:16,408 - datasieve.pipeline - INFO - SVM detected 162 data points as outliers.
2023-08-03 10:44:19,973 - datasieve.pipeline - INFO - SVM detected 191 data points as outliers.
2023-08-03 10:44:20,400 - datasieve.pipeline - INFO - DI tossed 30 predictions for being too far from training data.
2023-08-03 10:44:20,402 - freqtrade.freqai.base_models.BaseRegressionModel - INFO - Training model on 569 features
2023-08-03 10:44:20,402 - freqtrade.freqai.base_models.BaseRegressionModel - INFO - Training model on 4647 data points
2023-08-03 10:44:27,063 - freqtrade.freqai.base_models.BaseRegressionModel - INFO - -------------------- Done training 1INCH/USDT:USDT (10.99 secs) --------------------
2023-08-03 10:44:29,729 - freqtrade.freqai.base_models.BaseRegressionModel - INFO - -------------------- Starting training ALGO/USDT:USDT --------------------
2023-08-03 10:44:29,806 - freqtrade.freqai.data_kitchen - INFO - ALGO/USDT:USDT: dropped 20 training points due to NaNs in populated dataset 7199.
2023-08-03 10:44:29,807 - freqtrade.freqai.base_models.BaseRegressionModel - INFO - -------------------- Training on data from 2023-07-19 to 2023-08-03 --------------------
2023-08-03 10:44:29,960 - datasieve.pipeline - INFO - SVM detected 70 data points as outliers.
2023-08-03 10:44:33,526 - freqtrade.worker - INFO - Bot heartbeat. PID=1, version='docker-2023.8.dev-3d3dcc68', state='RUNNING'
2023-08-03 10:44:33,877 - datasieve.pipeline - INFO - SVM detected 73 data points as outliers.
2023-08-03 10:44:34,334 - datasieve.pipeline - INFO - DI tossed 36 predictions for being too far from training data.
2023-08-03 10:44:34,336 - freqtrade.freqai.base_models.BaseRegressionModel - INFO - Training model on 569 features
2023-08-03 10:44:34,336 - freqtrade.freqai.base_models.BaseRegressionModel - INFO - Training model on 4739 data points
2023-08-03 10:44:41,429 - freqtrade.freqai.base_models.BaseRegressionModel - INFO - -------------------- Done training ALGO/USDT:USDT (11.70 secs) --------------------
2023-08-03 10:44:41,582 - freqtrade.freqai.freqai_interface - INFO - Total time spent training pairlist 26.34 seconds
2023-08-03 10:44:44,227 - freqtrade.freqai.base_models.BaseRegressionModel - INFO - -------------------- Starting training 1INCH/USDT:USDT --------------------
2023-08-03 10:44:44,294 - freqtrade.freqai.data_kitchen - INFO - 1INCH/USDT:USDT: dropped 20 training points due to NaNs in populated dataset 7199.
2023-08-03 10:44:44,294 - freqtrade.freqai.base_models.BaseRegressionModel - INFO - -------------------- Training on data from 2023-07-19 to 2023-08-03 --------------------
2023-08-03 10:44:44,441 - datasieve.pipeline - INFO - SVM detected 162 data points as outliers.
2023-08-03 10:44:47,497 - datasieve.pipeline - INFO - SVM detected 191 data points as outliers.
2023-08-03 10:44:48,000 - datasieve.pipeline - INFO - DI tossed 30 predictions for being too far from training data.
2023-08-03 10:44:48,007 - freqtrade.freqai.base_models.BaseRegressionModel - INFO - Training model on 569 features
2023-08-03 10:44:48,008 - freqtrade.freqai.base_models.BaseRegressionModel - INFO - Training model on 4647 data points
2023-08-03 10:44:56,193 - freqtrade.freqai.base_models.BaseRegressionModel - INFO - -------------------- Done training 1INCH/USDT:USDT (11.97 secs) --------------------
2023-08-03 10:44:56,327 - freqtrade.freqai.data_drawer - INFO - Freqai purging old model file /freqtrade/user_data/models/uniqe-id/sub-train-1INCH_1691059411
2023-08-03 10:44:59,023 - freqtrade.freqai.base_models.BaseRegressionModel - INFO - -------------------- Starting training ALGO/USDT:USDT --------------------
2023-08-03 10:44:59,113 - freqtrade.freqai.data_kitchen - INFO - ALGO/USDT:USDT: dropped 20 training points due to NaNs in populated dataset 7199.
2023-08-03 10:44:59,114 - freqtrade.freqai.base_models.BaseRegressionModel - INFO - -------------------- Training on data from 2023-07-19 to 2023-08-03 --------------------
2023-08-03 10:44:59,299 - datasieve.pipeline - INFO - SVM detected 70 data points as outliers.
2023-08-03 10:45:03,050 - datasieve.pipeline - INFO - SVM detected 73 data points as outliers.
2023-08-03 10:45:03,760 - datasieve.pipeline - INFO - DI tossed 36 predictions for being too far from training data.
2023-08-03 10:45:03,762 - freqtrade.freqai.base_models.BaseRegressionModel - INFO - Training model on 569 features
2023-08-03 10:45:03,762 - freqtrade.freqai.base_models.BaseRegressionModel - INFO - Training model on 4739 data points
2023-08-03 10:45:05,881 - freqtrade.freqai.data_kitchen - INFO - dropped 41 of 1000 prediction data points due to NaNs.
2023-08-03 10:45:06,761 - freqtrade.freqai.data_kitchen - INFO - dropped 41 of 1000 prediction data points due to NaNs.
2023-08-03 10:45:07,346 - freqtrade.freqai.freqai_interface - INFO - Total time spent inferencing pairlist 5.72 seconds
2023-08-03 10:45:07,392 - freqtrade.wallets - INFO - Wallets synced.
2023-08-03 10:45:30,261 - freqtrade.freqai.base_models.BaseRegressionModel - INFO - -------------------- Done training ALGO/USDT:USDT (31.24 secs) --------------------
2023-08-03 10:45:30,531 - freqtrade.freqai.data_drawer - INFO - Freqai purging old model file /freqtrade/user_data/models/uniqe-id/sub-train-ALGO_1691059432
2023-08-03 10:45:30,533 - freqtrade.freqai.freqai_interface - INFO - Total time spent training pairlist 46.94 seconds
2023-08-03 10:45:33,022 - freqtrade.freqai.base_models.BaseRegressionModel - INFO - -------------------- Starting training 1INCH/USDT:USDT --------------------
2023-08-03 10:45:33,085 - freqtrade.freqai.data_kitchen - INFO - 1INCH/USDT:USDT: dropped 20 training points due to NaNs in populated dataset 7199.
2023-08-03 10:45:33,085 - freqtrade.freqai.base_models.BaseRegressionModel - INFO - -------------------- Training on data from 2023-07-19 to 2023-08-03 --------------------
2023-08-03 10:45:33,215 - datasieve.pipeline - INFO - SVM detected 100 data points as outliers.
2023-08-03 10:45:36,029 - datasieve.pipeline - INFO - SVM detected 149 data points as outliers.
2023-08-03 10:45:36,502 - datasieve.pipeline - INFO - DI tossed 28 predictions for being too far from training data.
2023-08-03 10:45:36,504 - freqtrade.freqai.base_models.BaseRegressionModel - INFO - Training model on 569 features
2023-08-03 10:45:36,504 - freqtrade.freqai.base_models.BaseRegressionModel - INFO - Training model on 4709 data points
2023-08-03 10:45:37,403 - freqtrade.worker - INFO - Bot heartbeat. PID=1, version='docker-2023.8.dev-3d3dcc68', state='RUNNING'
2023-08-03 10:46:01,678 - freqtrade.freqai.base_models.BaseRegressionModel - INFO - -------------------- Done training 1INCH/USDT:USDT (28.66 secs) --------------------
2023-08-03 10:46:01,915 - freqtrade.freqai.data_drawer - INFO - Freqai purging old model file /freqtrade/user_data/models/uniqe-id/sub-train-1INCH_1691059454
2023-08-03 10:46:04,412 - freqtrade.freqai.base_models.BaseRegressionModel - INFO - -------------------- Starting training ALGO/USDT:USDT --------------------
2023-08-03 10:46:04,491 - freqtrade.freqai.data_kitchen - INFO - ALGO/USDT:USDT: dropped 20 training points due to NaNs in populated dataset 7199.
2023-08-03 10:46:04,491 - freqtrade.freqai.base_models.BaseRegressionModel - INFO - -------------------- Training on data from 2023-07-19 to 2023-08-03 --------------------
2023-08-03 10:46:04,683 - datasieve.pipeline - INFO - SVM detected 82 data points as outliers.
2023-08-03 10:46:08,103 - datasieve.pipeline - INFO - SVM detected 60 data points as outliers.
2023-08-03 10:46:08,955 - datasieve.pipeline - INFO - DI tossed 46 predictions for being too far from training data.
2023-08-03 10:46:08,959 - freqtrade.freqai.base_models.BaseRegressionModel - INFO - Training model on 569 features
2023-08-03 10:46:08,960 - freqtrade.freqai.base_models.BaseRegressionModel - INFO - Training model on 4727 data points
2023-08-03 10:46:34,514 - freqtrade.freqai.base_models.BaseRegressionModel - INFO - -------------------- Done training ALGO/USDT:USDT (30.10 secs) --------------------
2023-08-03 10:46:34,772 - freqtrade.freqai.data_drawer - INFO - Freqai purging old model file /freqtrade/user_data/models/uniqe-id/sub-train-ALGO_1691059468
2023-08-03 10:46:34,787 - freqtrade.freqai.freqai_interface - INFO - Total time spent training pairlist 62.24 seconds
2023-08-03 10:46:37,357 - freqtrade.freqai.base_models.BaseRegressionModel - INFO - -------------------- Starting training 1INCH/USDT:USDT --------------------
2023-08-03 10:46:37,414 - freqtrade.worker - INFO - Bot heartbeat. PID=1, version='docker-2023.8.dev-3d3dcc68', state='RUNNING'
2023-08-03 10:46:37,504 - freqtrade.freqai.data_kitchen - INFO - 1INCH/USDT:USDT: dropped 20 training points due to NaNs in populated dataset 7199.
2023-08-03 10:46:37,505 - freqtrade.freqai.base_models.BaseRegressionModel - INFO - -------------------- Training on data from 2023-07-19 to 2023-08-03 --------------------
2023-08-03 10:46:37,710 - datasieve.pipeline - INFO - SVM detected 100 data points as outliers.
2023-08-03 10:46:40,499 - datasieve.pipeline - INFO - SVM detected 149 data points as outliers.
2023-08-03 10:46:40,882 - datasieve.pipeline - INFO - DI tossed 28 predictions for being too far from training data.
2023-08-03 10:46:40,885 - freqtrade.freqai.base_models.BaseRegressionModel - INFO - Training model on 569 features
2023-08-03 10:46:40,885 - freqtrade.freqai.base_models.BaseRegressionModel - INFO - Training model on 4709 data points
2023-08-03 10:47:03,970 - freqtrade.freqai.base_models.BaseRegressionModel - INFO - -------------------- Done training 1INCH/USDT:USDT (26.61 secs) --------------------
2023-08-03 10:47:04,160 - freqtrade.freqai.data_drawer - INFO - Freqai purging old model file /freqtrade/user_data/models/uniqe-id/sub-train-1INCH_1691059482
2023-08-03 10:47:06,721 - freqtrade.freqai.base_models.BaseRegressionModel - INFO - -------------------- Starting training ALGO/USDT:USDT --------------------
2023-08-03 10:47:06,818 - freqtrade.freqai.data_kitchen - INFO - ALGO/USDT:USDT: dropped 20 training points due to NaNs in populated dataset 7199.
2023-08-03 10:47:06,819 - freqtrade.freqai.base_models.BaseRegressionModel - INFO - -------------------- Training on data from 2023-07-19 to 2023-08-03 --------------------
2023-08-03 10:47:07,056 - datasieve.pipeline - INFO - SVM detected 82 data points as outliers.
2023-08-03 10:47:10,563 - datasieve.pipeline - INFO - SVM detected 60 data points as outliers.
2023-08-03 10:47:11,153 - datasieve.pipeline - INFO - DI tossed 46 predictions for being too far from training data.
2023-08-03 10:47:11,156 - freqtrade.freqai.base_models.BaseRegressionModel - INFO - Training model on 569 features
2023-08-03 10:47:11,156 - freqtrade.freqai.base_models.BaseRegressionModel - INFO - Training model on 4727 data points
2023-08-03 10:47:37,425 - freqtrade.worker - INFO - Bot heartbeat. PID=1, version='docker-2023.8.dev-3d3dcc68', state='RUNNING'
2023-08-03 10:47:39,962 - freqtrade.freqai.base_models.BaseRegressionModel - INFO - -------------------- Done training ALGO/USDT:USDT (33.24 secs) --------------------
2023-08-03 10:47:40,133 - freqtrade.freqai.data_drawer - INFO - Freqai purging old model file /freqtrade/user_data/models/uniqe-id/sub-train-ALGO_1691059497
2023-08-03 10:47:40,144 - freqtrade.freqai.freqai_interface - INFO - Total time spent training pairlist 63.34 seconds
2023-08-03 10:47:42,584 - freqtrade.freqai.base_models.BaseRegressionModel - INFO - -------------------- Starting training 1INCH/USDT:USDT --------------------
2023-08-03 10:47:42,648 - freqtrade.freqai.data_kitchen - INFO - 1INCH/USDT:USDT: dropped 20 training points due to NaNs in populated dataset 7199.
2023-08-03 10:47:42,649 - freqtrade.freqai.base_models.BaseRegressionModel - INFO - -------------------- Training on data from 2023-07-19 to 2023-08-03 --------------------
2023-08-03 10:47:42,798 - datasieve.pipeline - INFO - SVM detected 100 data points as outliers.
2023-08-03 10:47:45,545 - datasieve.pipeline - INFO - SVM detected 149 data points as outliers.
2023-08-03 10:47:46,175 - datasieve.pipeline - INFO - DI tossed 28 predictions for being too far from training data.
2023-08-03 10:47:46,177 - freqtrade.freqai.base_models.BaseRegressionModel - INFO - Training model on 569 features
2023-08-03 10:47:46,178 - freqtrade.freqai.base_models.BaseRegressionModel - INFO - Training model on 4709 data points
2023-08-03 10:48:04,255 - freqtrade.wallets - INFO - Wallets synced.
2023-08-03 10:48:05,432 - freqtrade.freqtradebot - INFO - Long signal found: about create a new trade for ALGO/USDT:USDT with stake_amount: 200 ...
2023-08-03 10:48:05,717 - freqtrade.freqtradebot - INFO - Order #dry_run_buy_1691059685.434213 was created for ALGO/USDT:USDT and status is open.
2023-08-03 10:48:06,416 - freqtrade.wallets - INFO - Wallets synced.
2023-08-03 10:48:06,417 - freqtrade.rpc.rpc_manager - INFO - Sending rpc message: {'trade_id': 1, 'type': entry, 'buy_tag': 'long', 'enter_tag': 'long', 'exchange': 'Binance', 'pair': 'ALGO/USDT:USDT', 'leverage': 1.0, 'direction': 'Long', 'limit': 0.1069, 'open_rate': 0.1069, 'order_type': 'limit', 'stake_amount': 200.0, 'stake_currency': 'USDT', 'base_currency': 'ALGO', 'fiat_currency': 'USD', 'amount': 1870.9, 'open_date': datetime.datetime(2023, 8, 3, 10, 48, 5, 718292, tzinfo=datetime.timezone.utc), 'current_rate': 0.1069, 'sub_trade': False}
2023-08-03 10:48:07,398 - freqtrade.freqai.freqai_interface - INFO - Total time spent inferencing pairlist 1.00 seconds
2023-08-03 10:48:07,698 - freqtrade.freqtradebot - INFO - Found open order for Trade(id=1, pair=ALGO/USDT:USDT, amount=1870.90739008, is_short=False, leverage=1.0, open_rate=0.10690000, open_since=2023-08-03 10:48:05)
2023-08-03 10:48:11,765 - freqtrade.freqtradebot - INFO - Found open order for Trade(id=1, pair=ALGO/USDT:USDT, amount=1870.90739008, is_short=False, leverage=1.0, open_rate=0.10690000, open_since=2023-08-03 10:48:05)
2023-08-03 10:48:12,048 - freqtrade.freqai.base_models.BaseRegressionModel - INFO - -------------------- Done training 1INCH/USDT:USDT (29.46 secs) --------------------
2023-08-03 10:48:12,250 - freqtrade.freqai.data_drawer - INFO - Freqai purging old model file /freqtrade/user_data/models/uniqe-id/sub-train-1INCH_1691059531
2023-08-03 10:48:14,751 - freqtrade.freqai.base_models.BaseRegressionModel - INFO - -------------------- Starting training ALGO/USDT:USDT --------------------
2023-08-03 10:48:14,816 - freqtrade.freqai.data_kitchen - INFO - ALGO/USDT:USDT: dropped 20 training points due to NaNs in populated dataset 7199.
2023-08-03 10:48:14,817 - freqtrade.freqai.base_models.BaseRegressionModel - INFO - -------------------- Training on data from 2023-07-19 to 2023-08-03 --------------------
2023-08-03 10:48:14,956 - datasieve.pipeline - INFO - SVM detected 101 data points as outliers.
2023-08-03 10:48:16,736 - freqtrade.freqtradebot - INFO - Found open order for Trade(id=1, pair=ALGO/USDT:USDT, amount=1870.90739008, is_short=False, leverage=1.0, open_rate=0.10690000, open_since=2023-08-03 10:48:05)
2023-08-03 10:48:17,983 - datasieve.pipeline - INFO - SVM detected 61 data points as outliers.
2023-08-03 10:48:18,402 - datasieve.pipeline - INFO - DI tossed 47 predictions for being too far from training data.
2023-08-03 10:48:18,404 - freqtrade.freqai.base_models.BaseRegressionModel - INFO - Training model on 569 features
2023-08-03 10:48:18,405 - freqtrade.freqai.base_models.BaseRegressionModel - INFO - Training model on 4708 data points
2023-08-03 10:48:21,743 - freqtrade.freqtradebot - INFO - Found open order for Trade(id=1, pair=ALGO/USDT:USDT, amount=1870.90739008, is_short=False, leverage=1.0, open_rate=0.10690000, open_since=2023-08-03 10:48:05)
2023-08-03 10:48:26,777 - freqtrade.freqtradebot - INFO - Found open order for Trade(id=1, pair=ALGO/USDT:USDT, amount=1870.90739008, is_short=False, leverage=1.0, open_rate=0.10690000, open_since=2023-08-03 10:48:05)
2023-08-03 10:48:31,759 - freqtrade.freqtradebot - INFO - Found open order for Trade(id=1, pair=ALGO/USDT:USDT, amount=1870.90739008, is_short=False, leverage=1.0, open_rate=0.10690000, open_since=2023-08-03 10:48:05)
2023-08-03 10:48:36,791 - freqtrade.freqtradebot - INFO - Found open order for Trade(id=1, pair=ALGO/USDT:USDT, amount=1870.90739008, is_short=False, leverage=1.0, open_rate=0.10690000, open_since=2023-08-03 10:48:05)
2023-08-03 10:48:41,426 - freqtrade.worker - INFO - Bot heartbeat. PID=1, version='docker-2023.8.dev-3d3dcc68', state='RUNNING'
2023-08-03 10:48:41,786 - freqtrade.freqtradebot - INFO - Found open order for Trade(id=1, pair=ALGO/USDT:USDT, amount=1870.90739008, is_short=False, leverage=1.0, open_rate=0.10690000, open_since=2023-08-03 10:48:05)
2023-08-03 10:48:43,819 - freqtrade.freqai.base_models.BaseRegressionModel - INFO - -------------------- Done training ALGO/USDT:USDT (29.07 secs) --------------------
2023-08-03 10:48:44,034 - freqtrade.freqai.data_drawer - INFO - Freqai purging old model file /freqtrade/user_data/models/uniqe-id/sub-train-ALGO_1691059562
2023-08-03 10:48:44,067 - freqtrade.freqai.freqai_interface - INFO - Total time spent training pairlist 61.91 seconds
2023-08-03 10:48:46,620 - freqtrade.freqai.base_models.BaseRegressionModel - INFO - -------------------- Starting training 1INCH/USDT:USDT --------------------
2023-08-03 10:48:46,695 - freqtrade.freqai.data_kitchen - INFO - 1INCH/USDT:USDT: dropped 20 training points due to NaNs in populated dataset 7199.
2023-08-03 10:48:46,695 - freqtrade.freqai.base_models.BaseRegressionModel - INFO - -------------------- Training on data from 2023-07-19 to 2023-08-03 --------------------
2023-08-03 10:48:46,819 - freqtrade.freqtradebot - INFO - Found open order for Trade(id=1, pair=ALGO/USDT:USDT, amount=1870.90739008, is_short=False, leverage=1.0, open_rate=0.10690000, open_since=2023-08-03 10:48:05)
2023-08-03 10:48:46,914 - datasieve.pipeline - INFO - SVM detected 103 data points as outliers.
2023-08-03 10:48:49,834 - datasieve.pipeline - INFO - SVM detected 149 data points as outliers.
2023-08-03 10:48:50,427 - datasieve.pipeline - INFO - DI tossed 28 predictions for being too far from training data.
2023-08-03 10:48:50,430 - freqtrade.freqai.base_models.BaseRegressionModel - INFO - Training model on 569 features
2023-08-03 10:48:50,430 - freqtrade.freqai.base_models.BaseRegressionModel - INFO - Training model on 4706 data points
2023-08-03 10:48:51,823 - freqtrade.freqtradebot - INFO - Found open order for Trade(id=1, pair=ALGO/USDT:USDT, amount=1870.90739008, is_short=False, leverage=1.0, open_rate=0.10690000, open_since=2023-08-03 10:48:05)
2023-08-03 10:48:56,792 - freqtrade.freqtradebot - INFO - Found open order for Trade(id=1, pair=ALGO/USDT:USDT, amount=1870.90739008, is_short=False, leverage=1.0, open_rate=0.10690000, open_since=2023-08-03 10:48:05)
2023-08-03 10:49:01,809 - freqtrade.freqtradebot - INFO - Found open order for Trade(id=1, pair=ALGO/USDT:USDT, amount=1870.90739008, is_short=False, leverage=1.0, open_rate=0.10690000, open_since=2023-08-03 10:48:05)
2023-08-03 10:49:06,845 - freqtrade.freqtradebot - INFO - Found open order for Trade(id=1, pair=ALGO/USDT:USDT, amount=1870.90739008, is_short=False, leverage=1.0, open_rate=0.10690000, open_since=2023-08-03 10:48:05)
2023-08-03 10:49:11,846 - freqtrade.freqtradebot - INFO - Found open order for Trade(id=1, pair=ALGO/USDT:USDT, amount=1870.90739008, is_short=False, leverage=1.0, open_rate=0.10690000, open_since=2023-08-03 10:48:05)
2023-08-03 10:49:15,434 - freqtrade.freqai.base_models.BaseRegressionModel - INFO - -------------------- Done training 1INCH/USDT:USDT (28.81 secs) --------------------
2023-08-03 10:49:15,604 - freqtrade.freqai.data_drawer - INFO - Freqai purging old model file /freqtrade/user_data/models/uniqe-id/sub-train-1INCH_1691059595
2023-08-03 10:49:16,863 - freqtrade.freqtradebot - INFO - Found open order for Trade(id=1, pair=ALGO/USDT:USDT, amount=1870.90739008, is_short=False, leverage=1.0, open_rate=0.10690000, open_since=2023-08-03 10:48:05)
2023-08-03 10:49:18,264 - freqtrade.freqai.base_models.BaseRegressionModel - INFO - -------------------- Starting training ALGO/USDT:USDT --------------------
2023-08-03 10:49:18,328 - freqtrade.freqai.data_kitchen - INFO - ALGO/USDT:USDT: dropped 20 training points due to NaNs in populated dataset 7199.
2023-08-03 10:49:18,330 - freqtrade.freqai.base_models.BaseRegressionModel - INFO - -------------------- Training on data from 2023-07-19 to 2023-08-03 --------------------
2023-08-03 10:49:18,458 - datasieve.pipeline - INFO - SVM detected 101 data points as outliers.
2023-08-03 10:49:20,894 - datasieve.pipeline - INFO - SVM detected 61 data points as outliers.
2023-08-03 10:49:21,329 - datasieve.pipeline - INFO - DI tossed 47 predictions for being too far from training data.
2023-08-03 10:49:21,331 - freqtrade.freqai.base_models.BaseRegressionModel - INFO - Training model on 569 features
2023-08-03 10:49:21,332 - freqtrade.freqai.base_models.BaseRegressionModel - INFO - Training model on 4708 data points
2023-08-03 10:49:21,798 - freqtrade.freqtradebot - INFO - Found open order for Trade(id=1, pair=ALGO/USDT:USDT, amount=1870.90739008, is_short=False, leverage=1.0, open_rate=0.10690000, open_since=2023-08-03 10:48:05)
2023-08-03 10:49:26,857 - freqtrade.freqtradebot - INFO - Found open order for Trade(id=1, pair=ALGO/USDT:USDT, amount=1870.90739008, is_short=False, leverage=1.0, open_rate=0.10690000, open_since=2023-08-03 10:48:05)
2023-08-03 10:49:31,811 - freqtrade.freqtradebot - INFO - Found open order for Trade(id=1, pair=ALGO/USDT:USDT, amount=1870.90739008, is_short=False, leverage=1.0, open_rate=0.10690000, open_since=2023-08-03 10:48:05)
2023-08-03 10:49:36,827 - freqtrade.freqtradebot - INFO - Found open order for Trade(id=1, pair=ALGO/USDT:USDT, amount=1870.90739008, is_short=False, leverage=1.0, open_rate=0.10690000, open_since=2023-08-03 10:48:05)
2023-08-03 10:49:41,502 - freqtrade.worker - INFO - Bot heartbeat. PID=1, version='docker-2023.8.dev-3d3dcc68', state='RUNNING'
2023-08-03 10:49:41,834 - freqtrade.freqtradebot - INFO - Found open order for Trade(id=1, pair=ALGO/USDT:USDT, amount=1870.90739008, is_short=False, leverage=1.0, open_rate=0.10690000, open_since=2023-08-03 10:48:05)
2023-08-03 10:49:46,084 - freqtrade.freqai.base_models.BaseRegressionModel - INFO - -------------------- Done training ALGO/USDT:USDT (27.82 secs) --------------------
2023-08-03 10:49:46,351 - freqtrade.freqai.data_drawer - INFO - Freqai purging old model file /freqtrade/user_data/models/uniqe-id/sub-train-ALGO_1691059625
2023-08-03 10:49:46,378 - freqtrade.freqai.freqai_interface - INFO - Total time spent training pairlist 60.24 seconds
2023-08-03 10:49:46,813 - freqtrade.freqtradebot - INFO - Found open order for Trade(id=1, pair=ALGO/USDT:USDT, amount=1870.90739008, is_short=False, leverage=1.0, open_rate=0.10690000, open_since=2023-08-03 10:48:05)
2023-08-03 10:49:48,969 - freqtrade.freqai.base_models.BaseRegressionModel - INFO - -------------------- Starting training 1INCH/USDT:USDT --------------------
2023-08-03 10:49:49,052 - freqtrade.freqai.data_kitchen - INFO - 1INCH/USDT:USDT: dropped 20 training points due to NaNs in populated dataset 7199.
2023-08-03 10:49:49,054 - freqtrade.freqai.base_models.BaseRegressionModel - INFO - -------------------- Training on data from 2023-07-19 to 2023-08-03 --------------------
2023-08-03 10:49:49,245 - datasieve.pipeline - INFO - SVM detected 103 data points as outliers.
2023-08-03 10:49:51,866 - freqtrade.freqtradebot - INFO - Found open order for Trade(id=1, pair=ALGO/USDT:USDT, amount=1870.90739008, is_short=False, leverage=1.0, open_rate=0.10690000, open_since=2023-08-03 10:48:05)
2023-08-03 10:49:53,149 - datasieve.pipeline - INFO - SVM detected 149 data points as outliers.
2023-08-03 10:49:53,865 - datasieve.pipeline - INFO - DI tossed 28 predictions for being too far from training data.
2023-08-03 10:49:53,867 - freqtrade.freqai.base_models.BaseRegressionModel - INFO - Training model on 569 features
2023-08-03 10:49:53,867 - freqtrade.freqai.base_models.BaseRegressionModel - INFO - Training model on 4706 data points
2023-08-03 10:49:56,840 - freqtrade.freqtradebot - INFO - Found open order for Trade(id=1, pair=ALGO/USDT:USDT, amount=1870.90739008, is_short=False, leverage=1.0, open_rate=0.10690000, open_since=2023-08-03 10:48:05)
2023-08-03 10:50:01,859 - freqtrade.freqtradebot - INFO - Found open order for Trade(id=1, pair=ALGO/USDT:USDT, amount=1870.90739008, is_short=False, leverage=1.0, open_rate=0.10690000, open_since=2023-08-03 10:48:05)
2023-08-03 10:50:06,852 - freqtrade.freqtradebot - INFO - Found open order for Trade(id=1, pair=ALGO/USDT:USDT, amount=1870.90739008, is_short=False, leverage=1.0, open_rate=0.10690000, open_since=2023-08-03 10:48:05)
2023-08-03 10:50:11,835 - freqtrade.freqtradebot - INFO - Found open order for Trade(id=1, pair=ALGO/USDT:USDT, amount=1870.90739008, is_short=False, leverage=1.0, open_rate=0.10690000, open_since=2023-08-03 10:48:05)
2023-08-03 10:50:16,827 - freqtrade.freqtradebot - INFO - Found open order for Trade(id=1, pair=ALGO/USDT:USDT, amount=1870.90739008, is_short=False, leverage=1.0, open_rate=0.10690000, open_since=2023-08-03 10:48:05)
2023-08-03 10:50:18,311 - freqtrade.freqai.base_models.BaseRegressionModel - INFO - -------------------- Done training 1INCH/USDT:USDT (29.34 secs) --------------------
2023-08-03 10:50:18,528 - freqtrade.freqai.data_drawer - INFO - Freqai purging old model file /freqtrade/user_data/models/uniqe-id/sub-train-1INCH_1691059661
2023-08-03 10:50:21,116 - freqtrade.freqai.base_models.BaseRegressionModel - INFO - -------------------- Starting training ALGO/USDT:USDT --------------------
2023-08-03 10:50:21,217 - freqtrade.freqai.data_kitchen - INFO - ALGO/USDT:USDT: dropped 20 training points due to NaNs in populated dataset 7199.
2023-08-03 10:50:21,218 - freqtrade.freqai.base_models.BaseRegressionModel - INFO - -------------------- Training on data from 2023-07-19 to 2023-08-03 --------------------
2023-08-03 10:50:21,390 - datasieve.pipeline - INFO - SVM detected 101 data points as outliers.
2023-08-03 10:50:21,870 - freqtrade.freqtradebot - INFO - Found open order for Trade(id=1, pair=ALGO/USDT:USDT, amount=1870.90739008, is_short=False, leverage=1.0, open_rate=0.10690000, open_since=2023-08-03 10:48:05)
2023-08-03 10:50:24,392 - datasieve.pipeline - INFO - SVM detected 61 data points as outliers.
2023-08-03 10:50:24,857 - datasieve.pipeline - INFO - DI tossed 47 predictions for being too far from training data.
2023-08-03 10:50:24,860 - freqtrade.freqai.base_models.BaseRegressionModel - INFO - Training model on 569 features
2023-08-03 10:50:24,860 - freqtrade.freqai.base_models.BaseRegressionModel - INFO - Training model on 4708 data points
2023-08-03 10:50:26,851 - freqtrade.freqtradebot - INFO - Found open order for Trade(id=1, pair=ALGO/USDT:USDT, amount=1870.90739008, is_short=False, leverage=1.0, open_rate=0.10690000, open_since=2023-08-03 10:48:05)
2023-08-03 10:50:31,882 - freqtrade.freqtradebot - INFO - Found open order for Trade(id=1, pair=ALGO/USDT:USDT, amount=1870.90739008, is_short=False, leverage=1.0, open_rate=0.10690000, open_since=2023-08-03 10:48:05)
2023-08-03 10:50:36,830 - freqtrade.freqtradebot - INFO - Found open order for Trade(id=1, pair=ALGO/USDT:USDT, amount=1870.90739008, is_short=False, leverage=1.0, open_rate=0.10690000, open_since=2023-08-03 10:48:05)
2023-08-03 10:50:41,511 - freqtrade.worker - INFO - Bot heartbeat. PID=1, version='docker-2023.8.dev-3d3dcc68', state='RUNNING'
2023-08-03 10:50:41,893 - freqtrade.freqtradebot - INFO - Found open order for Trade(id=1, pair=ALGO/USDT:USDT, amount=1870.90739008, is_short=False, leverage=1.0, open_rate=0.10690000, open_since=2023-08-03 10:48:05)
2023-08-03 10:50:46,855 - freqtrade.freqtradebot - INFO - Found open order for Trade(id=1, pair=ALGO/USDT:USDT, amount=1870.90739008, is_short=False, leverage=1.0, open_rate=0.10690000, open_since=2023-08-03 10:48:05)
2023-08-03 10:50:48,678 - freqtrade.freqai.base_models.BaseRegressionModel - INFO - -------------------- Done training ALGO/USDT:USDT (27.56 secs) --------------------
2023-08-03 10:50:48,865 - freqtrade.freqai.data_drawer - INFO - Freqai purging old model file /freqtrade/user_data/models/uniqe-id/sub-train-ALGO_1691059693
2023-08-03 10:50:48,875 - freqtrade.freqai.freqai_interface - INFO - Total time spent training pairlist 60.48 seconds
2023-08-03 10:50:51,472 - freqtrade.freqai.base_models.BaseRegressionModel - INFO - -------------------- Starting training 1INCH/USDT:USDT --------------------
2023-08-03 10:50:51,627 - freqtrade.freqai.data_kitchen - INFO - 1INCH/USDT:USDT: dropped 20 training points due to NaNs in populated dataset 7199.
2023-08-03 10:50:51,632 - freqtrade.freqai.base_models.BaseRegressionModel - INFO - -------------------- Training on data from 2023-07-19 to 2023-08-03 --------------------
2023-08-03 10:50:51,870 - freqtrade.freqtradebot - INFO - Found open order for Trade(id=1, pair=ALGO/USDT:USDT, amount=1870.90739008, is_short=False, leverage=1.0, open_rate=0.10690000, open_since=2023-08-03 10:48:05)
2023-08-03 10:50:51,889 - datasieve.pipeline - INFO - SVM detected 103 data points as outliers.
2023-08-03 10:50:55,132 - datasieve.pipeline - INFO - SVM detected 149 data points as outliers.
2023-08-03 10:50:55,880 - datasieve.pipeline - INFO - DI tossed 28 predictions for being too far from training data.
2023-08-03 10:50:55,883 - freqtrade.freqai.base_models.BaseRegressionModel - INFO - Training model on 569 features
2023-08-03 10:50:55,883 - freqtrade.freqai.base_models.BaseRegressionModel - INFO - Training model on 4706 data points
2023-08-03 10:50:56,846 - freqtrade.freqtradebot - INFO - Found open order for Trade(id=1, pair=ALGO/USDT:USDT, amount=1870.90739008, is_short=False, leverage=1.0, open_rate=0.10690000, open_since=2023-08-03 10:48:05)
2023-08-03 10:51:04,770 - freqtrade.freqtradebot - INFO - Found open order for Trade(id=1, pair=ALGO/USDT:USDT, amount=1870.90739008, is_short=False, leverage=1.0, open_rate=0.10690000, open_since=2023-08-03 10:48:05)
2023-08-03 10:51:06,939 - freqtrade.freqai.freqai_interface - INFO - Total time spent inferencing pairlist 1.03 seconds
2023-08-03 10:51:07,247 - freqtrade.freqtradebot - INFO - Found open order for Trade(id=1, pair=ALGO/USDT:USDT, amount=1870.90739008, is_short=False, leverage=1.0, open_rate=0.10690000, open_since=2023-08-03 10:48:05)
2023-08-03 10:51:11,347 - freqtrade.freqtradebot - INFO - Found open order for Trade(id=1, pair=ALGO/USDT:USDT, amount=1870.90739008, is_short=False, leverage=1.0, open_rate=0.10690000, open_since=2023-08-03 10:48:05)
2023-08-03 10:51:16,340 - freqtrade.freqtradebot - INFO - Found open order for Trade(id=1, pair=ALGO/USDT:USDT, amount=1870.90739008, is_short=False, leverage=1.0, open_rate=0.10690000, open_since=2023-08-03 10:48:05)
2023-08-03 10:51:21,237 - freqtrade.freqai.base_models.BaseRegressionModel - INFO - -------------------- Done training 1INCH/USDT:USDT (29.76 secs) --------------------
2023-08-03 10:51:21,347 - freqtrade.freqtradebot - INFO - Found open order for Trade(id=1, pair=ALGO/USDT:USDT, amount=1870.90739008, is_short=False, leverage=1.0, open_rate=0.10690000, open_since=2023-08-03 10:48:05)
2023-08-03 10:51:21,448 - freqtrade.freqai.data_drawer - INFO - Freqai purging old model file /freqtrade/user_data/models/uniqe-id/sub-train-1INCH_1691059725
2023-08-03 10:51:23,862 - freqtrade.freqai.base_models.BaseRegressionModel - INFO - -------------------- Starting training ALGO/USDT:USDT --------------------
2023-08-03 10:51:23,938 - freqtrade.freqai.data_kitchen - INFO - ALGO/USDT:USDT: dropped 20 training points due to NaNs in populated dataset 7199.
2023-08-03 10:51:23,939 - freqtrade.freqai.base_models.BaseRegressionModel - INFO - -------------------- Training on data from 2023-07-19 to 2023-08-03 --------------------
2023-08-03 10:51:24,078 - datasieve.pipeline - INFO - SVM detected 71 data points as outliers.
2023-08-03 10:51:26,328 - freqtrade.freqtradebot - INFO - Found open order for Trade(id=1, pair=ALGO/USDT:USDT, amount=1870.90739008, is_short=False, leverage=1.0, open_rate=0.10690000, open_since=2023-08-03 10:48:05)
2023-08-03 10:51:27,237 - datasieve.pipeline - INFO - SVM detected 73 data points as outliers.
2023-08-03 10:51:27,660 - datasieve.pipeline - INFO - DI tossed 36 predictions for being too far from training data.
2023-08-03 10:51:27,662 - freqtrade.freqai.base_models.BaseRegressionModel - INFO - Training model on 569 features
2023-08-03 10:51:27,662 - freqtrade.freqai.base_models.BaseRegressionModel - INFO - Training model on 4738 data points
2023-08-03 10:51:31,365 - freqtrade.freqtradebot - INFO - Found open order for Trade(id=1, pair=ALGO/USDT:USDT, amount=1870.90739008, is_short=False, leverage=1.0, open_rate=0.10690000, open_since=2023-08-03 10:48:05)
2023-08-03 10:51:36,343 - freqtrade.freqtradebot - INFO - Found open order for Trade(id=1, pair=ALGO/USDT:USDT, amount=1870.90739008, is_short=False, leverage=1.0, open_rate=0.10690000, open_since=2023-08-03 10:48:05)
2023-08-03 10:51:36,371 - freqtrade.freqtradebot - INFO - Fee for Trade Trade(id=1, pair=ALGO/USDT:USDT, amount=1870.90739008, is_short=False, leverage=1.0, open_rate=0.10690000, open_since=2023-08-03 10:48:05) [buy]: 0.039999842 USDT - rate: 0.0002
2023-08-03 10:51:36,372 - freqtrade.persistence.trade_model - INFO - Updating trade (id=1) ...
2023-08-03 10:51:36,373 - freqtrade.persistence.trade_model - INFO - LIMIT_BUY has been fulfilled for Trade(id=1, pair=ALGO/USDT:USDT, amount=1870.90000000, is_short=False, leverage=1.0, open_rate=0.10690000, open_since=2023-08-03 10:48:05).
2023-08-03 10:51:36,398 - freqtrade.wallets - INFO - Wallets synced.
2023-08-03 10:51:36,413 - freqtrade.rpc.rpc_manager - INFO - Sending rpc message: {'trade_id': 1, 'type': entry_fill, 'buy_tag': 'long', 'enter_tag': 'long', 'exchange': 'Binance', 'pair': 'ALGO/USDT:USDT', 'leverage': 1.0, 'direction': 'Long', 'limit': 0.1069, 'open_rate': 0.1069, 'order_type': 'limit', 'stake_amount': 199.99921, 'stake_currency': 'USDT', 'base_currency': 'ALGO', 'fiat_currency': 'USD', 'amount': 1870.9, 'open_date': datetime.datetime(2023, 8, 3, 10, 48, 5, 718292, tzinfo=datetime.timezone.utc), 'current_rate': 0.1069, 'sub_trade': False}
2023-08-03 10:51:46,023 - freqtrade.worker - INFO - Bot heartbeat. PID=1, version='docker-2023.8.dev-3d3dcc68', state='RUNNING'
2023-08-03 10:51:51,567 - freqtrade.freqai.base_models.BaseRegressionModel - INFO - -------------------- Done training ALGO/USDT:USDT (27.70 secs) --------------------
2023-08-03 10:51:51,799 - freqtrade.freqai.data_drawer - INFO - Freqai purging old model file /freqtrade/user_data/models/uniqe-id/sub-train-ALGO_1691059756
2023-08-03 10:51:51,804 - freqtrade.freqai.freqai_interface - INFO - Total time spent training pairlist 60.91 seconds
2023-08-03 10:51:54,461 - freqtrade.freqai.base_models.BaseRegressionModel - INFO - -------------------- Starting training 1INCH/USDT:USDT --------------------
2023-08-03 10:51:54,569 - freqtrade.freqai.data_kitchen - INFO - 1INCH/USDT:USDT: dropped 20 training points due to NaNs in populated dataset 7199.
2023-08-03 10:51:54,570 - freqtrade.freqai.base_models.BaseRegressionModel - INFO - -------------------- Training on data from 2023-07-19 to 2023-08-03 --------------------
2023-08-03 10:51:54,741 - datasieve.pipeline - INFO - SVM detected 102 data points as outliers.
2023-08-03 10:51:57,445 - datasieve.pipeline - INFO - SVM detected 149 data points as outliers.
2023-08-03 10:51:57,775 - datasieve.pipeline - INFO - DI tossed 28 predictions for being too far from training data.
2023-08-03 10:51:57,777 - freqtrade.freqai.base_models.BaseRegressionModel - INFO - Training model on 569 features
2023-08-03 10:51:57,777 - freqtrade.freqai.base_models.BaseRegressionModel - INFO - Training model on 4707 data points
2023-08-03 10:52:22,605 - freqtrade.freqai.base_models.BaseRegressionModel - INFO - -------------------- Done training 1INCH/USDT:USDT (28.14 secs) --------------------
2023-08-03 10:52:22,824 - freqtrade.freqai.data_drawer - INFO - Freqai purging old model file /freqtrade/user_data/models/uniqe-id/sub-train-1INCH_1691059787
2023-08-03 10:52:25,216 - freqtrade.freqai.base_models.BaseRegressionModel - INFO - -------------------- Starting training ALGO/USDT:USDT --------------------
2023-08-03 10:52:25,298 - freqtrade.freqai.data_kitchen - INFO - ALGO/USDT:USDT: dropped 20 training points due to NaNs in populated dataset 7199.
2023-08-03 10:52:25,298 - freqtrade.freqai.base_models.BaseRegressionModel - INFO - -------------------- Training on data from 2023-07-19 to 2023-08-03 --------------------
2023-08-03 10:52:25,447 - datasieve.pipeline - INFO - SVM detected 71 data points as outliers.
2023-08-03 10:52:28,947 - datasieve.pipeline - INFO - SVM detected 73 data points as outliers.
2023-08-03 10:52:29,595 - datasieve.pipeline - INFO - DI tossed 36 predictions for being too far from training data.
2023-08-03 10:52:29,597 - freqtrade.freqai.base_models.BaseRegressionModel - INFO - Training model on 569 features
2023-08-03 10:52:29,598 - freqtrade.freqai.base_models.BaseRegressionModel - INFO - Training model on 4738 data points
2023-08-03 10:52:46,064 - freqtrade.worker - INFO - Bot heartbeat. PID=1, version='docker-2023.8.dev-3d3dcc68', state='RUNNING'
2023-08-03 10:52:54,265 - freqtrade.freqai.base_models.BaseRegressionModel - INFO - -------------------- Done training ALGO/USDT:USDT (29.05 secs) --------------------
2023-08-03 10:52:54,464 - freqtrade.freqai.data_drawer - INFO - Freqai purging old model file /freqtrade/user_data/models/uniqe-id/sub-train-ALGO_1691059819
2023-08-03 10:52:54,468 - freqtrade.freqai.freqai_interface - INFO - Total time spent training pairlist 60.62 seconds
2023-08-03 10:52:57,188 - freqtrade.freqai.base_models.BaseRegressionModel - INFO - -------------------- Starting training 1INCH/USDT:USDT --------------------
2023-08-03 10:52:57,278 - freqtrade.freqai.data_kitchen - INFO - 1INCH/USDT:USDT: dropped 20 training points due to NaNs in populated dataset 7199.
2023-08-03 10:52:57,278 - freqtrade.freqai.base_models.BaseRegressionModel - INFO - -------------------- Training on data from 2023-07-19 to 2023-08-03 --------------------
2023-08-03 10:52:57,506 - datasieve.pipeline - INFO - SVM detected 102 data points as outliers.
2023-08-03 10:53:00,349 - datasieve.pipeline - INFO - SVM detected 149 data points as outliers.
2023-08-03 10:53:00,792 - datasieve.pipeline - INFO - DI tossed 28 predictions for being too far from training data.
2023-08-03 10:53:00,799 - freqtrade.freqai.base_models.BaseRegressionModel - INFO - Training model on 569 features
2023-08-03 10:53:00,800 - freqtrade.freqai.base_models.BaseRegressionModel - INFO - Training model on 4707 data points
2023-08-03 10:53:25,557 - freqtrade.commands.trade_commands - INFO - SIGINT received, aborting ...
2023-08-03 10:53:25,559 - freqtrade.commands.trade_commands - INFO - worker found ... calling exit
2023-08-03 10:53:25,559 - freqtrade.rpc.rpc_manager - INFO - Sending rpc message: {'type': status, 'status': 'process died'}
2023-08-03 10:53:25,560 - freqtrade.freqtradebot - INFO - Cleaning up modules ...
2023-08-03 10:53:25,577 - freqtrade.rpc.rpc_manager - INFO - Sending rpc message: {'type': warning, 'status': "1 open trades active.\n\nHandle these trades manually on Binance, or '/start' the bot again and use '/stopentry' to handle open trades gracefully. \nNote: Trades are simulated (dry run)."}
2023-08-03 10:53:25,578 - freqtrade.freqai.freqai_interface - INFO - Stopping FreqAI
2023-08-03 10:53:25,579 - freqtrade.freqai.freqai_interface - INFO - Waiting on Training iteration
2023-08-03 10:53:26,551 - freqtrade.freqai.base_models.BaseRegressionModel - INFO - -------------------- Done training 1INCH/USDT:USDT (29.36 secs) --------------------
2023-08-03 10:53:26,780 - freqtrade.freqai.data_drawer - INFO - Freqai purging old model file /freqtrade/user_data/models/uniqe-id/sub-train-1INCH_1691059849
2023-08-03 10:53:26,788 - freqtrade.rpc.rpc_manager - INFO - Cleaning up rpc modules ...
