2023-03-19 15:21:26,944 - freqtrade.loggers - INFO - Verbosity set to 0
2023-03-19 15:21:26,947 - freqtrade.configuration.configuration - INFO - Runmode set to dry_run.
2023-03-19 15:21:26,947 - freqtrade.configuration.configuration - INFO - Parameter --db-url detected ...
2023-03-19 15:21:26,947 - freqtrade.configuration.configuration - INFO - Dry run is enabled
2023-03-19 15:21:26,948 - freqtrade.configuration.configuration - INFO - Using DB: "sqlite:////freqtrade/user_data/tradesv3.sqlite"
2023-03-19 15:21:26,948 - freqtrade.configuration.configuration - INFO - Using max_open_trades: 3 ...
2023-03-19 15:21:27,239 - freqtrade.configuration.configuration - INFO - Using user-data directory: /freqtrade/user_data ...
2023-03-19 15:21:27,241 - freqtrade.configuration.configuration - INFO - Using data directory: /freqtrade/user_data/data/kucoin ...
2023-03-19 15:21:27,245 - freqtrade.exchange.check_exchange - INFO - Checking exchange...
2023-03-19 15:21:27,275 - freqtrade.exchange.check_exchange - WARNING - Exchange "kucoin" is known to the the ccxt library, available for the bot, but not officially supported by the Freqtrade development team. It may work flawlessly (please report back) or have serious issues. Use it at your own discretion.
2023-03-19 15:21:27,276 - freqtrade.configuration.configuration - INFO - Using pairlist from configuration.
2023-03-19 15:21:27,348 - freqtrade.resolvers.iresolver - INFO - Using resolved strategy Strategy004 from '/freqtrade/user_data/strategies/Strategy004.py'...
2023-03-19 15:21:27,349 - freqtrade.strategy.hyper - INFO - Found no parameter file.
2023-03-19 15:21:27,350 - freqtrade.resolvers.strategy_resolver - INFO - Override strategy 'stake_currency' with value in config file: USDT.
2023-03-19 15:21:27,351 - freqtrade.resolvers.strategy_resolver - INFO - Override strategy 'stake_amount' with value in config file: unlimited.
2023-03-19 15:21:27,351 - freqtrade.resolvers.strategy_resolver - INFO - Override strategy 'unfilledtimeout' with value in config file: {'entry': 10, 'exit': 10, 'exit_timeout_count': 0, 'unit': 'minutes'}.
2023-03-19 15:21:27,353 - freqtrade.resolvers.strategy_resolver - INFO - Override strategy 'max_open_trades' with value in config file: 3.
2023-03-19 15:21:27,353 - freqtrade.resolvers.strategy_resolver - INFO - Strategy using minimal_roi: {'60': 0.01, '30': 0.03, '20': 0.04, '0': 0.05}
2023-03-19 15:21:27,353 - freqtrade.resolvers.strategy_resolver - INFO - Strategy using timeframe: 5m
2023-03-19 15:21:27,354 - freqtrade.resolvers.strategy_resolver - INFO - Strategy using stoploss: -0.1
2023-03-19 15:21:27,354 - freqtrade.resolvers.strategy_resolver - INFO - Strategy using trailing_stop: False
2023-03-19 15:21:27,354 - freqtrade.resolvers.strategy_resolver - INFO - Strategy using trailing_stop_positive: 0.01
2023-03-19 15:21:27,355 - freqtrade.resolvers.strategy_resolver - INFO - Strategy using trailing_stop_positive_offset: 0.02
2023-03-19 15:21:27,355 - freqtrade.resolvers.strategy_resolver - INFO - Strategy using trailing_only_offset_is_reached: False
2023-03-19 15:21:27,356 - freqtrade.resolvers.strategy_resolver - INFO - Strategy using use_custom_stoploss: False
2023-03-19 15:21:27,356 - freqtrade.resolvers.strategy_resolver - INFO - Strategy using process_only_new_candles: False
2023-03-19 15:21:27,357 - freqtrade.resolvers.strategy_resolver - INFO - Strategy using order_types: {'entry': 'limit', 'exit': 'limit', 'stoploss': 'market', 'stoploss_on_exchange': False}
2023-03-19 15:21:27,357 - freqtrade.resolvers.strategy_resolver - INFO - Strategy using order_time_in_force: {'entry': 'GTC', 'exit': 'GTC'}
2023-03-19 15:21:27,358 - freqtrade.resolvers.strategy_resolver - INFO - Strategy using stake_currency: USDT
2023-03-19 15:21:27,358 - freqtrade.resolvers.strategy_resolver - INFO - Strategy using stake_amount: unlimited
2023-03-19 15:21:27,359 - freqtrade.resolvers.strategy_resolver - INFO - Strategy using protections: []
2023-03-19 15:21:27,359 - freqtrade.resolvers.strategy_resolver - INFO - Strategy using startup_candle_count: 0
2023-03-19 15:21:27,360 - freqtrade.resolvers.strategy_resolver - INFO - Strategy using unfilledtimeout: {'entry': 10, 'exit': 10, 'exit_timeout_count': 0, 'unit': 'minutes'}
2023-03-19 15:21:27,361 - freqtrade.resolvers.strategy_resolver - INFO - Strategy using use_exit_signal: True
2023-03-19 15:21:27,361 - freqtrade.resolvers.strategy_resolver - INFO - Strategy using exit_profit_only: True
2023-03-19 15:21:27,362 - freqtrade.resolvers.strategy_resolver - INFO - Strategy using ignore_roi_if_entry_signal: False
2023-03-19 15:21:27,362 - freqtrade.resolvers.strategy_resolver - INFO - Strategy using exit_profit_offset: 0.0
2023-03-19 15:21:27,363 - freqtrade.resolvers.strategy_resolver - INFO - Strategy using disable_dataframe_checks: False
2023-03-19 15:21:27,363 - freqtrade.resolvers.strategy_resolver - INFO - Strategy using ignore_buying_expired_candle_after: 0
2023-03-19 15:21:27,364 - freqtrade.resolvers.strategy_resolver - INFO - Strategy using position_adjustment_enable: False
2023-03-19 15:21:27,364 - freqtrade.resolvers.strategy_resolver - INFO - Strategy using max_entry_position_adjustment: -1
2023-03-19 15:21:27,365 - freqtrade.resolvers.strategy_resolver - INFO - Strategy using max_open_trades: 3
2023-03-19 15:21:27,366 - freqtrade.configuration.config_validation - INFO - Validating configuration ...
2023-03-19 15:21:27,418 - freqtrade.exchange.exchange - INFO - Instance is running with dry_run enabled
2023-03-19 15:21:27,419 - freqtrade.exchange.exchange - INFO - Using CCXT 2.7.12
2023-03-19 15:21:27,449 - freqtrade.exchange.exchange - INFO - Using Exchange "KuCoin"
2023-03-19 15:21:30,578 - freqtrade.resolvers.exchange_resolver - INFO - Using resolved exchange 'Kucoin'...
2023-03-19 15:21:30,842 - freqtrade.wallets - INFO - Wallets synced.
2023-03-19 15:21:30,923 - freqtrade.resolvers.iresolver - INFO - Using resolved pairlist VolumePairList from '/freqtrade/freqtrade/plugins/pairlist/VolumePairList.py'...
2023-03-19 15:21:31,150 - freqtrade.rpc.rpc_manager - INFO - Enabling rpc.api_server
2023-03-19 15:21:32,504 - freqtrade.rpc.api_server.webserver - INFO - Starting HTTP Server at 0.0.0.0:8080
2023-03-19 15:21:32,524 - freqtrade.rpc.api_server.webserver - WARNING - SECURITY WARNING - Local Rest Server listening to external connections
2023-03-19 15:21:32,525 - freqtrade.rpc.api_server.webserver - WARNING - SECURITY WARNING - This is insecure please set to your loopback,e.g 127.0.0.1 in config.json
2023-03-19 15:21:32,526 - freqtrade.rpc.api_server.webserver - INFO - Starting Local Rest Server.
2023-03-19 15:21:32,635 - uvicorn.error - INFO - Started server process [1]
2023-03-19 15:21:32,641 - uvicorn.error - INFO - Waiting for application startup.
2023-03-19 15:21:32,657 - uvicorn.error - INFO - Application startup complete.
2023-03-19 15:21:32,660 - uvicorn.error - INFO - Uvicorn running on http://0.0.0.0:8080 (Press CTRL+C to quit)
2023-03-19 15:21:32,751 - freqtrade.resolvers.iresolver - INFO - Using resolved pairlist VolumePairList from '/freqtrade/freqtrade/plugins/pairlist/VolumePairList.py'...
2023-03-19 15:21:32,753 - freqtrade.edge.edge_positioning - CRITICAL - max_open_trades should be -1 in config !
2023-03-19 15:21:33,513 - freqtrade.plugins.pairlistmanager - INFO - Whitelist with 20 pairs: ['BTC/USDT', 'ETH/USDT', 'SOL/USDT', 'FTM/USDT', 'XRP/USDT', 'CFX/USDT', 'AGIX/USDT', 'VRA/USDT', 'SHIB/USDT', 'MATIC/USDT', 'STX/USDT', 'BNB/USDT', 'XMR/USDT', 'OP/USDT', 'LTC/USDT', 'DYDX/USDT', 'MASK/USDT', 'IMX/USDT', 'USDC/USDT', 'TON/USDT']
2023-03-19 15:21:33,519 - freqtrade.edge.edge_positioning - INFO - Using stake_currency: USDT ...
2023-03-19 15:21:33,521 - freqtrade.edge.edge_positioning - INFO - Using local backtesting data (using whitelist in given config) ...
2023-03-19 15:21:33,792 - freqtrade.data.history.history_utils - INFO - (0/20) - Download history data for "BTC/USDT", 5m, spot and store in /freqtrade/user_data/data/kucoin. From 2023-03-19T14:25:00 to now
2023-03-19 15:21:34,161 - freqtrade.exchange.exchange - INFO - Downloaded data for BTC/USDT with length 12.
2023-03-19 15:21:34,369 - freqtrade.data.history.history_utils - INFO - (1/20) - Download history data for "ETH/USDT", 5m, spot and store in /freqtrade/user_data/data/kucoin. From 2023-03-19T14:25:00 to now
2023-03-19 15:21:34,726 - freqtrade.exchange.exchange - INFO - Downloaded data for ETH/USDT with length 12.
2023-03-19 15:21:35,091 - freqtrade.data.history.history_utils - INFO - (2/20) - Download history data for "SOL/USDT", 5m, spot and store in /freqtrade/user_data/data/kucoin. From 2023-03-19T14:25:00 to now
2023-03-19 15:21:35,438 - freqtrade.exchange.exchange - INFO - Downloaded data for SOL/USDT with length 12.
2023-03-19 15:21:35,616 - freqtrade.data.history.history_utils - INFO - (3/20) - Download history data for "FTM/USDT", 5m, spot and store in /freqtrade/user_data/data/kucoin. From 2023-03-19T14:25:00 to now
2023-03-19 15:21:35,983 - freqtrade.exchange.exchange - INFO - Downloaded data for FTM/USDT with length 12.
2023-03-19 15:21:36,315 - freqtrade.data.history.history_utils - INFO - (4/20) - Download history data for "XRP/USDT", 5m, spot and store in /freqtrade/user_data/data/kucoin. From 2023-03-19T14:25:00 to now
2023-03-19 15:21:36,685 - freqtrade.exchange.exchange - INFO - Downloaded data for XRP/USDT with length 12.
2023-03-19 15:21:37,083 - freqtrade.data.history.history_utils - INFO - (5/20) - Download history data for "CFX/USDT", 5m, spot and store in /freqtrade/user_data/data/kucoin. From 2023-03-19T14:25:00 to now
2023-03-19 15:21:37,482 - freqtrade.exchange.exchange - INFO - Downloaded data for CFX/USDT with length 12.
2023-03-19 15:21:37,800 - freqtrade.data.history.history_utils - INFO - (6/20) - Download history data for "AGIX/USDT", 5m, spot and store in /freqtrade/user_data/data/kucoin. From 2023-03-19T14:25:00 to now
2023-03-19 15:21:38,164 - freqtrade.exchange.exchange - INFO - Downloaded data for AGIX/USDT with length 12.
2023-03-19 15:21:38,415 - freqtrade.data.history.history_utils - INFO - (7/20) - Download history data for "VRA/USDT", 5m, spot and store in /freqtrade/user_data/data/kucoin. From 2023-03-19T14:25:00 to now
2023-03-19 15:21:38,756 - freqtrade.exchange.exchange - INFO - Downloaded data for VRA/USDT with length 12.
2023-03-19 15:21:39,070 - freqtrade.data.history.history_utils - INFO - (8/20) - Download history data for "SHIB/USDT", 5m, spot and store in /freqtrade/user_data/data/kucoin. From 2023-03-19T14:25:00 to now
2023-03-19 15:21:39,414 - freqtrade.exchange.exchange - INFO - Downloaded data for SHIB/USDT with length 12.
2023-03-19 15:21:39,684 - freqtrade.data.history.history_utils - INFO - (9/20) - Download history data for "MATIC/USDT", 5m, spot and store in /freqtrade/user_data/data/kucoin. From 2023-03-19T14:25:00 to now
2023-03-19 15:21:40,031 - freqtrade.exchange.exchange - INFO - Downloaded data for MATIC/USDT with length 12.
2023-03-19 15:21:40,433 - freqtrade.data.history.history_utils - INFO - (10/20) - Download history data for "STX/USDT", 5m, spot and store in /freqtrade/user_data/data/kucoin. From 2023-03-19T14:25:00 to now
2023-03-19 15:21:40,811 - freqtrade.exchange.exchange - INFO - Downloaded data for STX/USDT with length 12.
2023-03-19 15:21:41,024 - freqtrade.data.history.history_utils - INFO - (11/20) - Download history data for "BNB/USDT", 5m, spot and store in /freqtrade/user_data/data/kucoin. From 2023-03-19T14:25:00 to now
2023-03-19 15:21:41,364 - freqtrade.exchange.exchange - INFO - Downloaded data for BNB/USDT with length 12.
2023-03-19 15:21:41,698 - freqtrade.data.history.history_utils - INFO - (12/20) - Download history data for "XMR/USDT", 5m, spot and store in /freqtrade/user_data/data/kucoin. From 2023-03-19T14:25:00 to now
2023-03-19 15:21:42,079 - freqtrade.exchange.exchange - INFO - Downloaded data for XMR/USDT with length 12.
2023-03-19 15:21:42,410 - freqtrade.data.history.history_utils - INFO - (13/20) - Download history data for "OP/USDT", 5m, spot and store in /freqtrade/user_data/data/kucoin. From 2023-03-19T14:25:00 to now
2023-03-19 15:21:42,767 - freqtrade.exchange.exchange - INFO - Downloaded data for OP/USDT with length 12.
2023-03-19 15:21:42,959 - freqtrade.data.history.history_utils - INFO - (14/20) - Download history data for "LTC/USDT", 5m, spot and store in /freqtrade/user_data/data/kucoin. From 2023-03-19T14:25:00 to now
2023-03-19 15:21:43,277 - freqtrade.exchange.exchange - INFO - Downloaded data for LTC/USDT with length 12.
2023-03-19 15:21:43,431 - freqtrade.data.history.history_utils - INFO - (15/20) - Download history data for "DYDX/USDT", 5m, spot and store in /freqtrade/user_data/data/kucoin. From 2023-03-19T14:25:00 to now
2023-03-19 15:21:43,772 - freqtrade.exchange.exchange - INFO - Downloaded data for DYDX/USDT with length 12.
2023-03-19 15:21:44,000 - freqtrade.data.history.history_utils - INFO - (16/20) - Download history data for "MASK/USDT", 5m, spot and store in /freqtrade/user_data/data/kucoin. From 2023-03-19T14:25:00 to now
2023-03-19 15:21:44,367 - freqtrade.exchange.exchange - INFO - Downloaded data for MASK/USDT with length 12.
2023-03-19 15:21:44,643 - freqtrade.data.history.history_utils - INFO - (17/20) - Download history data for "IMX/USDT", 5m, spot and store in /freqtrade/user_data/data/kucoin. From 2023-03-19T14:25:00 to now
2023-03-19 15:21:45,013 - freqtrade.exchange.exchange - INFO - Downloaded data for IMX/USDT with length 12.
2023-03-19 15:21:45,255 - freqtrade.data.history.history_utils - INFO - (18/20) - Download history data for "USDC/USDT", 5m, spot and store in /freqtrade/user_data/data/kucoin. From 2023-03-19T14:25:00 to now
2023-03-19 15:21:45,645 - freqtrade.exchange.exchange - INFO - Downloaded data for USDC/USDT with length 12.
2023-03-19 15:21:45,975 - freqtrade.data.history.history_utils - INFO - (19/20) - Download history data for "TON/USDT", 5m, spot and store in /freqtrade/user_data/data/kucoin. From 2023-03-19T14:25:00 to now
2023-03-19 15:21:46,414 - freqtrade.exchange.exchange - INFO - Downloaded data for TON/USDT with length 12.
2023-03-19 15:21:48,904 - freqtrade.edge.edge_positioning - INFO - Measuring data from 2023-03-05 00:00:00 up to 2023-03-19 15:15:00 (14 days)..
2023-03-19 15:21:49,032 - freqtrade.commands.trade_commands - ERROR - 'NoneType' object has no attribute 'columns'
2023-03-19 15:21:49,037 - freqtrade.commands.trade_commands - ERROR - Fatal exception!
Traceback (most recent call last):
  File "/freqtrade/freqtrade/commands/trade_commands.py", line 18, in start_trading
    worker = Worker(args)
  File "/freqtrade/freqtrade/worker.py", line 37, in __init__
    self._init(False)
  File "/freqtrade/freqtrade/worker.py", line 53, in _init
    self.freqtrade = FreqtradeBot(self._config)
  File "/freqtrade/freqtrade/freqtradebot.py", line 104, in __init__
    self.active_pair_whitelist = self._refresh_active_whitelist()
  File "/freqtrade/freqtrade/freqtradebot.py", line 283, in _refresh_active_whitelist
    self.edge.calculate(_whitelist)
  File "/freqtrade/freqtrade/edge/edge_positioning.py", line 174, in calculate
    df_analyzed = self.strategy.advise_exit(
  File "/freqtrade/freqtrade/strategy/interface.py", line 1350, in advise_exit
    if 'exit_long' not in df.columns:
AttributeError: 'NoneType' object has no attribute 'columns'
